Program
  List
    Function
      FunctionId
      List
        Param
        Param
      Block
        List
          WhileStmt
            NotEqual
              IdUse
              IdUse
            Block
              List
                IfStmt
                  Greater
                    IdUse
                    IdUse
                  Block
                    List
                      AssStmt
                        IdUse
                        SubExpr
                          IdUse
                          IdUse
                  Opt
                    Block
                      List
                        AssStmt
                          IdUse
                          SubExpr
                            IdUse
                            IdUse
          ReturnStmt
            IdUse
    Function
      FunctionId
      List
        Param
        Param
      Block
        List
          IfStmt
            Equal
              IdUse
              Numeral
            Block
              List
                ReturnStmt
                  IdUse
            Opt
          ReturnStmt
            FunctionCall
              List
                IdUse
                ModExpr
                  IdUse
                  IdUse
    Function
      FunctionId
      List
      Block
        List
          DeclStmt
            Opt
          DeclStmt
            Opt
          AssStmt
            IdUse
            FunctionCall
              List
          AssStmt
            IdUse
            FunctionCall
              List
          FunctionStmt
            FunctionCall
              List
                FunctionCall
                  List
                    IdUse
                    IdUse
          FunctionStmt
            FunctionCall
              List
                FunctionCall
                  List
                    IdUse
                    IdUse
          DeclStmt
            Opt
              SubExpr
                FunctionCall
                  List
                    IdUse
                    IdUse
                FunctionCall
                  List
                    IdUse
                    IdUse
          FunctionStmt
            FunctionCall
              List
                IdUse
          ReturnStmt
            Numeral
