Program
  List
    Function
      FunctionId
      List
      Block
        List
          WhileStmt
            Equal
              IdUse
              IdUse
            Block
              List
                AssStmt
                  IdUse
                  IdUse
          ReturnStmt
            IdUse
