Program
  List
    Function
      FunctionId
      List
      Block
        List
          IfStmt
            Equal
              IdUse
              IdUse
            Block
              List
                DeclStmt
                  Opt
                    IdUse
                DeclStmt
                  Opt
            Opt
              Block
                List
                  DeclStmt
                    Opt
                      IdUse
          ReturnStmt
            IdUse
    Function
      FunctionId
      List
      Block
        List
          IfStmt
            NotEqual
              IdUse
              IdUse
            Block
              List
                DeclStmt
                  Opt
                    IdUse
            Opt
