Program
  List
    Function
      FunctionId
      List
      Block
        List
          FunctionStmt
            FunctionCall
              List
                IdUse
          FunctionStmt
            FunctionCall
              List
          FunctionStmt
            FunctionCall
              List
                FunctionCall
                  List
          FunctionStmt
            FunctionCall
              List
                AddExpr
                  Numeral
                  Numeral
          FunctionStmt
            FunctionCall
              List
                IdUse
                IdUse
                IdUse
                IdUse
                IdUse
                IdUse
          ReturnStmt
            IdUse
