Program
  List
    Function
      FunctionId
      List
      Block
        List
          DeclStmt
            Opt
              Numeral
          WhileStmt
            Equal
              Numeral
              Numeral
            Block
              List
                IfStmt
                  Equal
                    AddExpr
                      Numeral
                      Numeral
                    Numeral
                  Block
                    List
                      DeclStmt
                        Opt
                          Numeral
                  Opt
          ReturnStmt
            IdUse
