Program
  List
    Function
      FunctionId
      List
        Param
      Block
        List
          ReturnStmt
            IdUse
    Function
      FunctionId
      List
      Block
        List
          ReturnStmt
            IdUse
    Function
      FunctionId
      List
        Param
        Param
      Block
        List
          ReturnStmt
            IdUse
